Component: ARM Compiler 5.06 update 4 (build 422) Tool: armlink [4d35d2]

==============================================================================

Section Cross References

    main.o(.text) refers to _printf_pad.o(.text) for _printf_pre_padding
    main.o(.text) refers to _printf_truncate.o(.text) for _printf_truncate_unsigned
    main.o(.text) refers to _printf_percent.o(.ARM.Collect$$_printf_percent$$00000000) for _printf_percent
    main.o(.text) refers to _printf_d.o(.ARM.Collect$$_printf_percent$$00000009) for _printf_d
    main.o(.text) refers to _printf_i.o(.ARM.Collect$$_printf_percent$$00000008) for _printf_i
    main.o(.text) refers to _printf_u.o(.ARM.Collect$$_printf_percent$$0000000A) for _printf_u
    main.o(.text) refers to _printf_o.o(.ARM.Collect$$_printf_percent$$0000000B) for _printf_o
    main.o(.text) refers to _printf_x.o(.ARM.Collect$$_printf_percent$$0000000C) for _printf_x
    main.o(.text) refers to _printf_c.o(.ARM.Collect$$_printf_percent$$00000013) for _printf_c
    main.o(.text) refers to _printf_lc.o(.ARM.Collect$$_printf_percent$$00000015) for _printf_lc
    main.o(.text) refers to _printf_dec.o(.text) for _printf_int_dec
    main.o(.text) refers to _printf_oct_int_ll.o(.text) for _printf_longlong_oct
    main.o(.text) refers to _printf_hex_int_ll_ptr.o(.text) for _printf_longlong_hex
    main.o(.text) refers to _printf_str.o(.text) for _printf_str
    main.o(.text) refers to _printf_wctomb.o(.text) for _printf_wctomb
    main.o(.text) refers to stm32f10x_usart.o(.text) for USART_GetFlagStatus
    main.o(.text) refers to tasks.o(.text) for vTaskDelay
    main.o(.text) refers to queue.o(.text) for xQueueGenericReceive
    main.o(.text) refers to c89vsprintf.o(.text) for __c89vsprintf
    main.o(.text) refers to timers.o(.text) for pvTimerGetTimerID
    main.o(.text) refers to stm32f10x_rcc.o(.text) for RCC_PLLConfig
    main.o(.text) refers to stm32f10x_tim.o(.text) for TIM_TimeBaseInit
    main.o(.text) refers to misc.o(.text) for NVIC_Init
    main.o(.text) refers to stm32f10x_gpio.o(.text) for GPIO_StructInit
    main.o(.text) refers to main.o(.data) for xShortMsgQueue
    main.o(.text) refers to main.o(.bss) for statsBuffer
    main.o(.text) refers to __2sprintf.o(.text) for __2sprintf
    main.o(.text) refers to main.o(.constdata) for .constdata
    main.o(.data) refers to main.o(.bss) for statsBuffer
    main.o(.data) refers to main.o(.text) for turnWaveStep
    event_groups.o(.text) refers to heap_2.o(.text) for pvPortMalloc
    event_groups.o(.text) refers to list.o(.text) for vListInitialise
    event_groups.o(.text) refers to tasks.o(.text) for vTaskSuspendAll
    event_groups.o(.text) refers to port.o(.text) for vPortEnterCritical
    queue.o(.text) refers to port.o(.text) for vPortEnterCritical
    queue.o(.text) refers to tasks.o(.text) for xTaskRemoveFromEventList
    queue.o(.text) refers to list.o(.text) for vListInitialise
    queue.o(.text) refers to heap_2.o(.text) for pvPortMalloc
    queue.o(.text) refers to rt_memcpy_v6.o(.text) for __aeabi_memcpy
    tasks.o(.text) refers to _printf_percent.o(.ARM.Collect$$_printf_percent$$00000000) for _printf_percent
    tasks.o(.text) refers to _printf_u.o(.ARM.Collect$$_printf_percent$$0000000A) for _printf_u
    tasks.o(.text) refers to _printf_c.o(.ARM.Collect$$_printf_percent$$00000013) for _printf_c
    tasks.o(.text) refers to _printf_dec.o(.text) for _printf_int_dec
    tasks.o(.text) refers to _printf_str.o(.text) for _printf_str
    tasks.o(.text) refers to list.o(.text) for vListInitialise
    tasks.o(.text) refers to port.o(.text) for vPortEnterCritical
    tasks.o(.text) refers to aeabi_memset.o(.text) for __aeabi_memset
    tasks.o(.text) refers to heap_2.o(.text) for pvPortMalloc
    tasks.o(.text) refers to tasks.o(.bss) for pxReadyTasksLists
    tasks.o(.text) refers to tasks.o(.data) for pxDelayedTaskList
    tasks.o(.text) refers to main.o(.data) for ulHighFrequencyTimerTicks
    tasks.o(.text) refers to timers.o(.text) for xTimerCreateTimerTask
    tasks.o(.text) refers to strcpy.o(.text) for strcpy
    tasks.o(.text) refers to strlen.o(.text) for strlen
    tasks.o(.text) refers to __2sprintf.o(.text) for __2sprintf
    timers.o(.text) refers to list.o(.text) for vListInsert
    timers.o(.text) refers to tasks.o(.text) for xTaskGetSchedulerState
    timers.o(.text) refers to queue.o(.text) for xQueueGenericSend
    timers.o(.text) refers to heap_2.o(.text) for vPortFree
    timers.o(.text) refers to port.o(.text) for vPortEnterCritical
    timers.o(.text) refers to timers.o(.data) for pxOverflowTimerList
    timers.o(.text) refers to timers.o(.bss) for xActiveTimerList1
    port.o(.emb_text) refers to tasks.o(.text) for vTaskSwitchContext
    port.o(.emb_text) refers to tasks.o(.data) for pxCurrentTCB
    port.o(.text) refers to port.o(.emb_text) for __asm___6_port_c_39a90d8d__prvStartFirstTask
[...]
    .text                                    0x0800519c   Section       68  rt_memclr.o(.text)
    .text                                    0x080051e0   Section       16  rt_ctype_table.o(.text)
    .text                                    0x080051f0   Section      138  lludiv10.o(.text)
    .text                                    0x0800527a   Section        0  _printf_fp_dec.o(.text)
    _fp_digits                               0x0800527d   Thumb Code   428  _printf_fp_dec.o(.text)
    .text                                    0x08005694   Section       78  rt_memclr_w.o(.text)
    .text                                    0x080056e2   Section       74  sys_stackheap_outer.o(.text)
    .text                                    0x0800572c   Section        8  rt_locale_intlibspace.o(.text)
    .text                                    0x08005734   Section        0  _printf_fp_infnan.o(.text)
    .text                                    0x080057b4   Section        0  bigflt0.o(.text)
    .text                                    0x08005890   Section        0  exit.o(.text)
    .text                                    0x080058a4   Section        8  libspace.o(.text)
    .text                                    0x080058ac   Section      128  strcmpv7m.o(.text)
    .text                                    0x0800592c   Section        0  sys_exit.o(.text)
    .text                                    0x08005938   Section        2  use_no_semi.o(.text)
    .text                                    0x0800593a   Section        0  indicate_semi.o(.text)
    CL$$btod_d2e                             0x0800593a   Section       62  btod.o(CL$$btod_d2e)
    CL$$btod_d2e_denorm_low                  0x08005978   Section       70  btod.o(CL$$btod_d2e_denorm_low)
    CL$$btod_d2e_norm_op1                    0x080059be   Section       96  btod.o(CL$$btod_d2e_norm_op1)
    CL$$btod_div_common                      0x08005a1e   Section      824  btod.o(CL$$btod_div_common)
    CL$$btod_e2e                             0x08005d56   Section      198  btod.o(CL$$btod_e2e)
    CL$$btod_ediv                            0x08005e1c   Section       40  btod.o(CL$$btod_ediv)
    CL$$btod_emul                            0x08005e44   Section       40  btod.o(CL$$btod_emul)
    CL$$btod_mult_common                     0x08005e6c   Section      580  btod.o(CL$$btod_mult_common)
    i.__ARM_fpclassify                       0x080060b0   Section        0  fpclassify.o(i.__ARM_fpclassify)
    i._is_digit                              0x080060d8   Section        0  __printf_wp.o(i._is_digit)
    locale$$code                             0x080060e8   Section       44  lc_ctype_c.o(locale$$code)
    locale$$code                             0x08006114   Section       44  lc_numeric_c.o(locale$$code)
    x$fpl$printf1                            0x08006140   Section        4  printf1.o(x$fpl$printf1)
    .constdata                               0x08006144   Section       32  main.o(.constdata)
    x$fpl$usenofp                            0x08006144   Section        0  usenofp.o(x$fpl$usenofp)
    .constdata                               0x08006164   Section        8  _printf_wctomb.o(.constdata)
    initial_mbstate                          0x08006164   Data           8  _printf_wctomb.o(.constdata)
    .constdata                               0x0800616c   Section       40  _printf_hex_int_ll_ptr.o(.constdata)
    uc_hextab                                0x0800616c   Data          20  _printf_hex_int_ll_ptr.o(.constdata)
    lc_hextab                                0x08006180   Data          20  _printf_hex_int_ll_ptr.o(.constdata)
    .constdata                               0x08006194   Section       17  __printf_flags_ss_wp.o(.constdata)
    maptable                                 0x08006194   Data          17  __printf_flags_ss_wp.o(.constdata)
    .constdata                               0x080061a8   Section      148  bigflt0.o(.constdata)
    tenpwrs_x                                0x080061a8   Data          60  bigflt0.o(.constdata)
    tenpwrs_i                                0x080061e4   Data          64  bigflt0.o(.constdata)
    locale$$data                             0x0800625c   Section      272  lc_ctype_c.o(locale$$data)
    __lcctype_c_name                         0x08006260   Data           2  lc_ctype_c.o(locale$$data)
    __lcctype_c_start                        0x08006268   Data           0  lc_ctype_c.o(locale$$data)
    locale$$data                             0x0800636c   Section       28  lc_numeric_c.o(locale$$data)
    __lcctype_c_end                          0x0800636c   Data           0  lc_ctype_c.o(locale$$data)
    __lcnum_c_name                           0x08006370   Data           2  lc_numeric_c.o(locale$$data)
    __lcnum_c_start                          0x08006378   Data           0  lc_numeric_c.o(locale$$data)
    __lcnum_c_point                          0x08006384   Data           0  lc_numeric_c.o(locale$$data)
    __lcnum_c_thousands                      0x08006386   Data           0  lc_numeric_c.o(locale$$data)
    __lcnum_c_grouping                       0x08006387   Data           0  lc_numeric_c.o(locale$$data)
    __lcnum_c_end                            0x08006388   Data           0  lc_numeric_c.o(locale$$data)
    .data                                    0x20000000   Section       48  main.o(.data)
    ptrBuffer                                0x2000002c   Data           4  main.o(.data)
    .data                                    0x20000030   Section       68  tasks.o(.data)
    pxDelayedTaskList                        0x20000034   Data           4  tasks.o(.data)
    pxOverflowDelayedTaskList                0x20000038   Data           4  tasks.o(.data)
    uxDeletedTasksWaitingCleanUp             0x2000003c   Data           4  tasks.o(.data)
    uxCurrentNumberOfTasks                   0x20000040   Data           4  tasks.o(.data)
    xTickCount                               0x20000044   Data           4  tasks.o(.data)
    uxTopReadyPriority                       0x20000048   Data           4  tasks.o(.data)
    xSchedulerRunning                        0x2000004c   Data           4  tasks.o(.data)
    uxPendedTicks                            0x20000050   Data           4  tasks.o(.data)
    xYieldPending                            0x20000054   Data           4  tasks.o(.data)
    xNumOfOverflows                          0x20000058   Data           4  tasks.o(.data)
    uxTaskNumber                             0x2000005c   Data           4  tasks.o(.data)
    xNextTaskUnblockTime                     0x20000060   Data           4  tasks.o(.data)
    xIdleTaskHandle                          0x20000064   Data           4  tasks.o(.data)
    uxSchedulerSuspended                     0x20000068   Data           4  tasks.o(.data)
    ulTaskSwitchedInTime                     0x2000006c   Data           4  tasks.o(.data)
    ulTotalRunTime                           0x20000070   Data           4  tasks.o(.data)
    .data                                    0x20000074   Section       20  timers.o(.data)
    pxCurrentTimerList                       0x20000074   Data           4  timers.o(.data)
    pxOverflowTimerList                      0x20000078   Data           4  timers.o(.data)
    xTimerQueue                              0x2000007c   Data           4  timers.o(.data)
    xTimerTaskHandle                         0x20000080   Data           4  timers.o(.data)
    xLastTime                                0x20000084   Data           4  timers.o(.data)
    .data                                    0x20000088   Section        4  port.o(.data)
    uxCriticalNesting                        0x20000088   Data           4  port.o(.data)
    .data                                    0x2000008c   Section       24  heap_2.o(.data)
    xStart                                   0x2000008c   Data           8  heap_2.o(.data)
    xEnd                                     0x20000094   Data           8  heap_2.o(.data)
    xFreeBytesRemaining                      0x2000009c   Data           4  heap_2.o(.data)
    xHeapHasBeenInitialised                  0x200000a0   Data           4  heap_2.o(.data)
    .data                                    0x200000a4   Section       20  stm32f10x_rcc.o(.data)
    APBAHBPrescTable                         0x200000a4   Data          16  stm32f10x_rcc.o(.data)
    ADCPrescTable                            0x200000b4   Data           4  stm32f10x_rcc.o(.data)
    .data                                    0x200000b8   Section       20  system_stm32f10x.o(.data)
    .bss                                     0x200000cc   Section      612  main.o(.bss)
    buffer                                   0x200002cc   Data          50  main.o(.bss)
    buffer                                   0x200002fe   Data          50  main.o(.bss)
    .bss                                     0x20000330   Section      200  tasks.o(.bss)
    pxReadyTasksLists                        0x20000330   Data         100  tasks.o(.bss)
    xDelayedTaskList1                        0x20000394   Data          20  tasks.o(.bss)
    xDelayedTaskList2                        0x200003a8   Data          20  tasks.o(.bss)
    xPendingReadyList                        0x200003bc   Data          20  tasks.o(.bss)
    xTasksWaitingTermination                 0x200003d0   Data          20  tasks.o(.bss)
    xSuspendedTaskList                       0x200003e4   Data          20  tasks.o(.bss)
    .bss                                     0x200003f8   Section       40  timers.o(.bss)
    xActiveTimerList1                        0x200003f8   Data          20  timers.o(.bss)
    xActiveTimerList2                        0x2000040c   Data          20  timers.o(.bss)
    .bss                                     0x20000420   Section    15360  heap_2.o(.bss)
    ucHeap                                   0x20000420   Data       15360  heap_2.o(.bss)
    .bss                                     0x20004020   Section       96  libspace.o(.bss)
    HEAP                                     0x20004080   Section      512  startup_stm32f10x_md.o(HEAP)
    Heap_Mem                                 0x20004080   Data         512  startup_stm32f10x_md.o(HEAP)
    STACK                                    0x20004280   Section     1024  startup_stm32f10x_md.o(STACK)
    Stack_Mem                                0x20004280   Data        1024  startup_stm32f10x_md.o(STACK)
    __initial_sp                             0x20004680   Data           0  startup_stm32f10x_md.o(STACK)

    Global Symbols

    Symbol Name                              Value     Ov Type        Size  Object(Section)

    BuildAttributes$$THM_ISAv4$P$D$K$B$S$PE$A:L22UL41UL21$X:L11$S22US41US21$IEEE1$IW$USESV6$~STKCKD$USESV7$~SHL$OTIME$ROPI$IEEEJ$EBA8$UX$STANDARDLIB$REQ8$PRES8$EABIv2 0x00000000   Number         0  anon$$obj.o ABSOLUTE
    __ARM_use_no_argv                        0x00000000   Number         0  main.o ABSOLUTE
    _printf_flags                            0x00000000   Number         0  printf_stubs.o ABSOLUTE
    _printf_return_value                     0x00000000   Number         0  printf_stubs.o ABSOLUTE
    _printf_sizespec                         0x00000000   Number         0  printf_stubs.o ABSOLUTE
    _printf_widthprec                        0x00000000   Number         0  printf_stubs.o ABSOLUTE
    __ARM_exceptions_init                     - Undefined Weak Reference
    __alloca_initialize                       - Undefined Weak Reference
    __arm_preinit_                            - Undefined Weak Reference
    __cpp_initialize__aeabi_                  - Undefined Weak Reference
    __cxa_finalize                            - Undefined Weak Reference
    __sigvec_lookup                           - Undefined Weak Reference
    _atexit_init                              - Undefined Weak Reference
    _call_atexit_fns                          - Undefined Weak Reference
    _clock_init                               - Undefined Weak Reference
    _fp_trap_init                             - Undefined Weak Reference
    _fp_trap_shutdown                         - Undefined Weak Reference
    _get_lc_collate                           - Undefined Weak Reference
    _get_lc_monetary                          - Undefined Weak Reference
    _get_lc_time                              - Undefined Weak Reference
    _getenv_init                              - Undefined Weak Reference
    _handle_redirection                       - Undefined Weak Reference
    _init_alloc                               - Undefined Weak Reference
    _init_user_alloc                          - Undefined Weak Reference
    _initio                                   - Undefined Weak Reference
    _printf_fp_hex                            - Undefined Weak Reference
    _printf_mbtowc                            - Undefined Weak Reference
    _printf_wc                                - Undefined Weak Reference
    _rand_init                                - Undefined Weak Reference
    _signal_finish                            - Undefined Weak Reference
    _signal_init                              - Undefined Weak Reference
    _terminate_alloc                          - Undefined Weak Reference
    _terminate_user_alloc                     - Undefined Weak Reference
    _terminateio                              - Undefined Weak Reference
    __Vectors_Size                           0x000000ec   Number         0  startup_stm32f10x_md.o ABSOLUTE
    __Vectors                                0x08000000   Data           4  startup_stm32f10x_md.o(RESET)
    __Vectors_End                            0x080000ec   Data           0  startup_stm32f10x_md.o(RESET)
    __main                                   0x080000ed   Thumb Code     8  __main.o(!!!main)
    __scatterload                            0x080000f5   Thumb Code     0  __scatter.o(!!!scatter)
    __scatterload_rt2                        0x080000f5   Thumb Code    44  __scatter.o(!!!scatter)
    __scatterload_rt2_thumb_only             0x080000f5   Thumb Code     0  __scatter.o(!!!scatter)
    __scatterload_null                       0x08000103   Thumb Code     0  __scatter.o(!!!scatter)
    __scatterload_copy                       0x08000129   Thumb Code    26  __scatter_copy.o(!!handler_copy)
    __scatterload_zeroinit                   0x08000145   Thumb Code    28  __scatter_zi.o(!!handler_zi)
    _printf_n                                0x08000161   Thumb Code     0  _printf_n.o(.ARM.Collect$$_printf_percent$$00000001)
    _printf_percent                          0x08000161   Thumb Code     0  _printf_percent.o(.ARM.Collect$$_printf_percent$$00000000)
    _printf_p                                0x08000167   Thumb Code     0  _printf_p.o(.ARM.Collect$$_printf_percent$$00000002)
    _printf_f                                0x0800016d   Thumb Code     0  _printf_f.o(.ARM.Collect$$_printf_percent$$00000003)
    _printf_e                                0x08000173   Thumb Code     0  _printf_e.o(.ARM.Collect$$_printf_percent$$00000004)
    _printf_g                                0x08000179   Thumb Code     0  _printf_g.o(.ARM.Collect$$_printf_percent$$00000005)
    _printf_a                                0x0800017f   Thumb Code     0  _printf_a.o(.ARM.Collect$$_printf_percent$$00000006)
    _printf_ll                               0x08000185   Thumb Code     0  _printf_ll.o(.ARM.Collect$$_printf_percent$$00000007)
    _printf_i                                0x0800018f   Thumb Code     0  _printf_i.o(.ARM.Collect$$_printf_percent$$00000008)
    _printf_d                                0x08000195   Thumb Code     0  _printf_d.o(.ARM.Collect$$_printf_percent$$00000009)
    _printf_u                                0x0800019b   Thumb Code     0  _printf_u.o(.ARM.Collect$$_printf_percent$$0000000A)
    _printf_o                                0x080001a1   Thumb Code     0  _printf_o.o(.ARM.Collect$$_printf_percent$$0000000B)
    _printf_x                                0x080001a7   Thumb Code     0  _printf_x.o(.ARM.Collect$$_printf_percent$$0000000C)
    _printf_lli                              0x080001ad   Thumb Code     0  _printf_lli.o(.ARM.Collect$$_printf_percent$$0000000D)
    _printf_lld                              0x080001b3   Thumb Code     0  _printf_lld.o(.ARM.Collect$$_printf_percent$$0000000E)
    _printf_llu                              0x080001b9   Thumb Code     0  _printf_llu.o(.ARM.Collect$$_printf_percent$$0000000F)
    _printf_llo                              0x080001bf   Thumb Code     0  _printf_llo.o(.ARM.Collect$$_printf_percent$$00000010)
    _printf_llx                              0x080001c5   Thumb Code     0  _printf_llx.o(.ARM.Collect$$_printf_percent$$00000011)
    _printf_l                                0x080001cb   Thumb Code     0  _printf_l.o(.ARM.Collect$$_printf_percent$$00000012)
    _printf_c                                0x080001d5   Thumb Code     0  _printf_c.o(.ARM.Collect$$_printf_percent$$00000013)
    _printf_s                                0x080001db   Thumb Code     0  _printf_s.o(.ARM.Collect$$_printf_percent$$00000014)
    _printf_lc                               0x080001e1   Thumb Code     0  _printf_lc.o(.ARM.Collect$$_printf_percent$$00000015)
    _printf_ls                               0x080001e7   Thumb Code     0  _printf_ls.o(.ARM.Collect$$_printf_percent$$00000016)
    _printf_percent_end                      0x080001ed   Thumb Code     0  _printf_percent_end.o(.ARM.Collect$$_printf_percent$$00000017)
    __rt_lib_init                            0x080001f1   Thumb Code     0  libinit.o(.ARM.Collect$$libinit$$00000000)
    __rt_lib_init_fp_1                       0x080001f3   Thumb Code     0  libinit2.o(.ARM.Collect$$libinit$$00000002)
    __rt_lib_init_heap_1                     0x080001f3   Thumb Code     0  libinit2.o(.ARM.Collect$$libinit$$0000000A)
    __rt_lib_init_lc_common                  0x080001f3   Thumb Code     0  libinit2.o(.ARM.Collect$$libinit$$0000000F)
    __rt_lib_init_preinit_1                  0x080001f3   Thumb Code     0  libinit2.o(.ARM.Collect$$libinit$$00000004)
    __rt_lib_init_rand_1                     0x080001f3   Thumb Code     0  libinit2.o(.ARM.Collect$$libinit$$0000000E)
    __rt_lib_init_user_alloc_1               0x080001f3   Thumb Code     0  libinit2.o(.ARM.Collect$$libinit$$0000000C)
    __rt_lib_init_lc_collate_1               0x080001f9   Thumb Code     0  libinit2.o(.ARM.Collect$$libinit$$00000011)
    __rt_lib_init_lc_ctype_2                 0x080001f9   Thumb Code     0  libinit2.o(.ARM.Collect$$libinit$$00000012)
    __rt_lib_init_lc_ctype_1                 0x08000205   Thumb Code     0  libinit2.o(.ARM.Collect$$libinit$$00000013)
    __rt_lib_init_lc_monetary_1              0x08000205   Thumb Code     0  libinit2.o(.ARM.Collect$$libinit$$00000015)
    __rt_lib_init_lc_numeric_2               0x08000205   Thumb Code     0  libinit2.o(.ARM.Collect$$libinit$$00000016)
    __rt_lib_init_alloca_1                   0x0800020f   Thumb Code     0  libinit2.o(.ARM.Collect$$libinit$$0000002E)
    __rt_lib_init_argv_1                     0x0800020f   Thumb Code     0  libinit2.o(.ARM.Collect$$libinit$$0000002C)
    __rt_lib_init_atexit_1                   0x0800020f   Thumb Code     0  libinit2.o(.ARM.Collect$$libinit$$0000001B)
    __rt_lib_init_clock_1                    0x0800020f   Thumb Code     0  libinit2.o(.ARM.Collect$$libinit$$00000021)
    __rt_lib_init_cpp_1                      0x0800020f   Thumb Code     0  libinit2.o(.ARM.Collect$$libinit$$00000032)
    __rt_lib_init_exceptions_1               0x0800020f   Thumb Code     0  libinit2.o(.ARM.Collect$$libinit$$00000030)
    __rt_lib_init_fp_trap_1                  0x0800020f   Thumb Code     0  libinit2.o(.ARM.Collect$$libinit$$0000001F)
    __rt_lib_init_getenv_1                   0x0800020f   Thumb Code     0  libinit2.o(.ARM.Collect$$libinit$$00000023)
    __rt_lib_init_lc_numeric_1               0x0800020f   Thumb Code     0  libinit2.o(.ARM.Collect$$libinit$$00000017)
    __rt_lib_init_lc_time_1                  0x0800020f   Thumb Code     0  libinit2.o(.ARM.Collect$$libinit$$00000019)
    __rt_lib_init_return                     0x0800020f   Thumb Code     0  libinit2.o(.ARM.Collect$$libinit$$00000033)
    __rt_lib_init_signal_1                   0x0800020f   Thumb Code     0  libinit2.o(.ARM.Collect$$libinit$$0000001D)
    __rt_lib_init_stdio_1                    0x0800020f   Thumb Code     0  libinit2.o(.ARM.Collect$$libinit$$00000025)
    __rt_lib_shutdown                        0x08000211   Thumb Code     0  libshutdown.o(.ARM.Collect$$libshutdown$$00000000)
    __rt_lib_shutdown_cpp_1                  0x08000213   Thumb Code     0  libshutdown2.o(.ARM.Collect$$libshutdown$$00000002)
    __rt_lib_shutdown_fp_trap_1              0x08000213   Thumb Code     0  libshutdown2.o(.ARM.Collect$$libshutdown$$00000007)
    __rt_lib_shutdown_heap_1                 0x08000213   Thumb Code     0  libshutdown2.o(.ARM.Collect$$libshutdown$$0000000F)
    __rt_lib_shutdown_return                 0x08000213   Thumb Code     0  libshutdown2.o(.ARM.Collect$$libshutdown$$00000010)
    __rt_lib_shutdown_signal_1               0x08000213   Thumb Code     0  libshutdown2.o(.ARM.Collect$$libshutdown$$0000000A)
    __rt_lib_shutdown_stdio_1                0x08000213   Thumb Code     0  libshutdown2.o(.ARM.Collect$$libshutdown$$00000004)
    __rt_lib_shutdown_user_alloc_1           0x08000213   Thumb Code     0  libshutdown2.o(.ARM.Collect$$libshutdown$$0000000C)
    __rt_entry                               0x08000215   Thumb Code     0  __rtentry.o(.ARM.Collect$$rtentry$$00000000)
    __rt_entry_presh_1                       0x08000215   Thumb Code     0  __rtentry2.o(.ARM.Collect$$rtentry$$00000002)
    __rt_entry_sh                            0x08000215   Thumb Code     0  __rtentry4.o(.ARM.Collect$$rtentry$$00000004)
    __rt_entry_li                            0x0800021b   Thumb Code     0  __rtentry2.o(.ARM.Collect$$rtentry$$0000000A)
    __rt_entry_postsh_1                      0x0800021b   Thumb Code     0  __rtentry2.o(.ARM.Collect$$rtentry$$00000009)
    __rt_entry_main                          0x0800021f   Thumb Code     0  __rtentry2.o(.ARM.Collect$$rtentry$$0000000D)
    __rt_entry_postli_1                      0x0800021f   Thumb Code     0  __rtentry2.o(.ARM.Collect$$rtentry$$0000000C)
    __rt_exit                                0x08000227   Thumb Code     0  rtexit.o(.ARM.Collect$$rtexit$$00000000)
    __rt_exit_ls                             0x08000229   Thumb Code     0  rtexit2.o(.ARM.Collect$$rtexit$$00000003)
    __rt_exit_prels_1                        0x08000229   Thumb Code     0  rtexit2.o(.ARM.Collect$$rtexit$$00000002)
    __rt_exit_exit                           0x0800022d   Thumb Code     0  rtexit2.o(.ARM.Collect$$rtexit$$00000004)
    SVC_Handler                              0x08000235   Thumb Code    32  port.o(.emb_text)
    __asm___6_port_c_39a90d8d__prvStartFirstTask 0x08000259   Thumb Code    28  port.o(.emb_text)
    PendSV_Handler                           0x08000279   Thumb Code    72  port.o(.emb_text)
    vPortGetIPSR                             0x080002c5   Thumb Code     6  port.o(.emb_text)
    sendChar                                 0x080002f9   Thumb Code    28  main.o(.text)
    sendString                               0x08000315   Thumb Code    22  main.o(.text)
    vRedLedTask                              0x0800032b   Thumb Code    22  main.o(.text)
    ITMsendString                            0x08000341   Thumb Code    28  main.o(.text)
    vGatekeeperTask                          0x0800035d   Thumb Code    56  main.o(.text)
    vGetStatsTask                            0x08000395   Thumb Code    32  main.o(.text)
    vStepperMotorTask                        0x080003b5   Thumb Code    16  main.o(.text)
    vGreenLedTask                            0x080003c5   Thumb Code    24  main.o(.text)
    queuePrintf                              0x080003dd   Thumb Code    42  main.o(.text)
    vAlarmTimerCallback                      0x08000407   Thumb Code    22  main.o(.text)
    changeDirectionOfRotation                0x0800041d   Thumb Code    24  main.o(.text)
    changeStepMode                           0x08000435   Thumb Code    28  main.o(.text)
    vMotorTimerCallback                      0x08000451   Thumb Code    60  main.o(.text)
    clockConfig                              0x0800048d   Thumb Code    34  main.o(.text)
    timerConfig                              0x080004af   Thumb Code    86  main.o(.text)
    uartConfig                               0x08000505   Thumb Code   110  main.o(.text)
    ledInit                                  0x08000573   Thumb Code    56  main.o(.text)
    main                                     0x080005ab   Thumb Code   548  main.o(.text)
    interpretSequence                        0x080007cf   Thumb Code   146  main.o(.text)
    turnWaveStep                             0x08000861   Thumb Code    22  main.o(.text)
    turnHalfStep                             0x08000877   Thumb Code    24  main.o(.text)
    turnFullStep                             0x0800088f   Thumb Code    24  main.o(.text)
    TIM2_IRQHandler                          0x080008a7   Thumb Code    34  main.o(.text)
    directPrintf                             0x080008c9   Thumb Code    26  main.o(.text)
    vListInitialise                          0x0800090d   Thumb Code    26  list.o(.text)
    vListInitialiseItem                      0x08000927   Thumb Code     6  list.o(.text)
    vListInsertEnd                           0x0800092d   Thumb Code    24  list.o(.text)
    vListInsert                              0x08000945   Thumb Code    52  list.o(.text)
    uxListRemove                             0x08000979   Thumb Code    40  list.o(.text)
    xQueueGenericReset                       0x080009a1   Thumb Code   122  queue.o(.text)
    xQueueGenericCreate                      0x08000a45   Thumb Code    56  queue.o(.text)
    xQueueGenericSend                        0x08000b95   Thumb Code   276  queue.o(.text)
    xQueueCreateMutex                        0x08000cc5   Thumb Code    34  queue.o(.text)
    xQueueGenericSendFromISR                 0x08000ce7   Thumb Code   134  queue.o(.text)
    xQueueGiveFromISR                        0x08000d6d   Thumb Code   124  queue.o(.text)
    xQueueGenericReceive                     0x08000e2d   Thumb Code   342  queue.o(.text)
    xQueueReceiveFromISR                     0x08000f83   Thumb Code   130  queue.o(.text)
    xQueuePeekFromISR                        0x08001005   Thumb Code    74  queue.o(.text)
    uxQueueMessagesWaiting                   0x0800104f   Thumb Code    18  queue.o(.text)
    uxQueueSpacesAvailable                   0x08001061   Thumb Code    24  queue.o(.text)
    uxQueueMessagesWaitingFromISR            0x08001079   Thumb Code     6  queue.o(.text)
    vQueueDelete                             0x0800107f   Thumb Code    14  queue.o(.text)
    uxQueueGetQueueNumber                    0x0800108d   Thumb Code     6  queue.o(.text)
    vQueueSetQueueNumber                     0x08001093   Thumb Code     4  queue.o(.text)
    ucQueueGetQueueType                      0x08001097   Thumb Code     8  queue.o(.text)
    xQueueIsQueueEmptyFromISR                0x0800109f   Thumb Code    14  queue.o(.text)
    xQueueIsQueueFullFromISR                 0x080010ad   Thumb Code    18  queue.o(.text)
    vQueueWaitForMessageRestricted           0x080010bf   Thumb Code    74  queue.o(.text)
    xTaskCreate                              0x08001281   Thumb Code    96  tasks.o(.text)
    vTaskDelete                              0x0800131d   Thumb Code   166  tasks.o(.text)
    xTaskIncrementTick                       0x080013c3   Thumb Code   238  tasks.o(.text)
    xTaskResumeAll                           0x080014b1   Thumb Code   282  tasks.o(.text)
    vTaskSuspendAll                          0x08001647   Thumb Code    12  tasks.o(.text)
    vTaskDelayUntil                          0x08001653   Thumb Code   106  tasks.o(.text)
    vTaskDelay                               0x080016bd   Thumb Code    46  tasks.o(.text)
    eTaskGetState                            0x080016eb   Thumb Code    88  tasks.o(.text)
    uxTaskPriorityGet                        0x08001743   Thumb Code    30  tasks.o(.text)
    uxTaskPriorityGetFromISR                 0x08001761   Thumb Code    52  tasks.o(.text)
    vTaskPrioritySet                         0x08001795   Thumb Code   226  tasks.o(.text)
    vTaskSwitchContext                       0x08001877   Thumb Code   128  tasks.o(.text)
    vTaskSuspend                             0x080018f7   Thumb Code   234  tasks.o(.text)
    vTaskResume                              0x08001a19   Thumb Code   104  tasks.o(.text)
    xTaskResumeFromISR                       0x08001a81   Thumb Code   130  tasks.o(.text)
    vTaskStartScheduler                      0x08001b79   Thumb Code    86  tasks.o(.text)
    vTaskEndScheduler                        0x08001bcf   Thumb Code    32  tasks.o(.text)
    xTaskGetTickCount                        0x08001bef   Thumb Code     6  tasks.o(.text)
    xTaskGetTickCountFromISR                 0x08001bf5   Thumb Code     8  tasks.o(.text)
    uxTaskGetNumberOfTasks                   0x08001bfd   Thumb Code     6  tasks.o(.text)
    pcTaskGetName                            0x08001c03   Thumb Code    20  tasks.o(.text)
    vTaskGetInfo                             0x08001c2d   Thumb Code   114  tasks.o(.text)
    uxTaskGetSystemState                     0x08001d09   Thumb Code   236  tasks.o(.text)
    vTaskPlaceOnEventList                    0x08001df5   Thumb Code    28  tasks.o(.text)
    vTaskPlaceOnUnorderedEventList           0x08001e11   Thumb Code    40  tasks.o(.text)
    vTaskPlaceOnEventListRestricted          0x08001e39   Thumb Code    36  tasks.o(.text)
    xTaskRemoveFromEventList                 0x08001e5d   Thumb Code   104  tasks.o(.text)
    xTaskRemoveFromUnorderedEventList        0x08001ec5   Thumb Code    94  tasks.o(.text)
    vTaskSetTimeOutState                     0x08001f23   Thumb Code    14  tasks.o(.text)
    xTaskCheckForTimeOut                     0x08001f31   Thumb Code    84  tasks.o(.text)
    vTaskMissedYield                         0x08001f85   Thumb Code     8  tasks.o(.text)
    uxTaskGetTaskNumber                      0x08001f8d   Thumb Code    14  tasks.o(.text)
    vTaskSetTaskNumber                       0x08001f9b   Thumb Code     8  tasks.o(.text)
    xTaskGetCurrentTaskHandle                0x08001fa3   Thumb Code     6  tasks.o(.text)
    xTaskGetSchedulerState                   0x08001fa9   Thumb Code    24  tasks.o(.text)
    vTaskPriorityInherit                     0x08001fc1   Thumb Code   164  tasks.o(.text)
    xTaskPriorityDisinherit                  0x08002065   Thumb Code   122  tasks.o(.text)
    vTaskList                                0x08002109   Thumb Code   260  tasks.o(.text)
    vTaskGetRunTimeStats                     0x0800220d   Thumb Code   182  tasks.o(.text)
    uxTaskResetEventItemValue                0x080022c3   Thumb Code    24  tasks.o(.text)
    pvTaskIncrementMutexHeldCount            0x080022db   Thumb Code    26  tasks.o(.text)
    ulTaskNotifyTake                         0x080022f5   Thumb Code   108  tasks.o(.text)
    xTaskNotifyWait                          0x08002361   Thumb Code   150  tasks.o(.text)
    xTaskGenericNotify                       0x080023f7   Thumb Code   178  tasks.o(.text)
    xTaskGenericNotifyFromISR                0x080024a9   Thumb Code   228  tasks.o(.text)
    vTaskNotifyGiveFromISR                   0x0800258d   Thumb Code   212  tasks.o(.text)
    xTaskNotifyStateClear                    0x08002661   Thumb Code    48  tasks.o(.text)
    xTimerGenericCommand                     0x080026ed   Thumb Code   102  timers.o(.text)
    xTimerCreateTimerTask                    0x080029cf   Thumb Code    40  timers.o(.text)
    xTimerCreate                             0x08002a25   Thumb Code    48  timers.o(.text)
    xTimerGetTimerDaemonTaskHandle           0x08002a55   Thumb Code     6  timers.o(.text)
    xTimerGetPeriod                          0x08002a5b   Thumb Code     8  timers.o(.text)
    xTimerGetExpiryTime                      0x08002a63   Thumb Code     8  timers.o(.text)
    pcTimerGetName                           0x08002a6b   Thumb Code     8  timers.o(.text)
    xTimerIsTimerActive                      0x08002a73   Thumb Code    32  timers.o(.text)
    pvTimerGetTimerID                        0x08002a93   Thumb Code    66  timers.o(.text)
    vTimerSetTimerID                         0x08002ad5   Thumb Code    20  timers.o(.text)
    pxPortInitialiseStack                    0x08002aff   Thumb Code    30  port.o(.text)
    vPortSetupTimerInterrupt                 0x08002b1d   Thumb Code    16  port.o(.text)
    xPortStartScheduler                      0x08002b2d   Thumb Code    42  port.o(.text)
    vPortEndScheduler                        0x08002b57   Thumb Code     2  port.o(.text)
    vPortEnterCritical                       0x08002b59   Thumb Code    30  port.o(.text)
    vPortExitCritical                        0x08002b77   Thumb Code    28  port.o(.text)
    SysTick_Handler                          0x08002b93   Thumb Code    48  port.o(.text)
    pvPortMalloc                             0x08002bfb   Thumb Code   166  heap_2.o(.text)
    vPortFree                                0x08002ca1   Thumb Code    56  heap_2.o(.text)
    xPortGetFreeHeapSize                     0x08002cd9   Thumb Code     6  heap_2.o(.text)
    vPortInitialiseBlocks                    0x08002cdf   Thumb Code     2  heap_2.o(.text)
    NVIC_PriorityGroupConfig                 0x08002cf5   Thumb Code    10  misc.o(.text)
    NVIC_Init                                0x08002cff   Thumb Code   100  misc.o(.text)
    NVIC_SetVectorTable                      0x08002d63   Thumb Code    14  misc.o(.text)
    NVIC_SystemLPConfig                      0x08002d71   Thumb Code    34  misc.o(.text)
    SysTick_CLKSourceConfig                  0x08002d93   Thumb Code    40  misc.o(.text)
    GPIO_DeInit                              0x08002dd1   Thumb Code   172  stm32f10x_gpio.o(.text)
    GPIO_AFIODeInit                          0x08002e7d   Thumb Code    20  stm32f10x_gpio.o(.text)
    GPIO_Init                                0x08002e91   Thumb Code   278  stm32f10x_gpio.o(.text)
    GPIO_StructInit                          0x08002fa7   Thumb Code    16  stm32f10x_gpio.o(.text)
    GPIO_ReadInputDataBit                    0x08002fb7   Thumb Code    18  stm32f10x_gpio.o(.text)
    GPIO_ReadInputData                       0x08002fc9   Thumb Code     8  stm32f10x_gpio.o(.text)
    GPIO_ReadOutputDataBit                   0x08002fd1   Thumb Code    18  stm32f10x_gpio.o(.text)
    GPIO_ReadOutputData                      0x08002fe3   Thumb Code     8  stm32f10x_gpio.o(.text)
    GPIO_SetBits                             0x08002feb   Thumb Code     4  stm32f10x_gpio.o(.text)
    GPIO_ResetBits                           0x08002fef   Thumb Code     4  stm32f10x_gpio.o(.text)
    GPIO_WriteBit                            0x08002ff3   Thumb Code    10  stm32f10x_gpio.o(.text)
    GPIO_Write                               0x08002ffd   Thumb Code     4  stm32f10x_gpio.o(.text)
    GPIO_PinLockConfig                       0x08003001   Thumb Code    18  stm32f10x_gpio.o(.text)
    GPIO_EventOutputConfig                   0x08003013   Thumb Code    26  stm32f10x_gpio.o(.text)
    GPIO_EventOutputCmd                      0x0800302d   Thumb Code     6  stm32f10x_gpio.o(.text)
    GPIO_PinRemapConfig                      0x08003033   Thumb Code   138  stm32f10x_gpio.o(.text)
    GPIO_EXTILineConfig                      0x080030bd   Thumb Code    66  stm32f10x_gpio.o(.text)
    GPIO_ETH_MediaInterfaceConfig            0x080030ff   Thumb Code     8  stm32f10x_gpio.o(.text)
    RCC_DeInit                               0x0800312d   Thumb Code    64  stm32f10x_rcc.o(.text)
    RCC_HSEConfig                            0x0800316d   Thumb Code    70  stm32f10x_rcc.o(.text)
    RCC_GetFlagStatus                        0x080031b3   Thumb Code    56  stm32f10x_rcc.o(.text)
    RCC_WaitForHSEStartUp                    0x080031eb   Thumb Code    56  stm32f10x_rcc.o(.text)
    RCC_AdjustHSICalibrationValue            0x08003223   Thumb Code    20  stm32f10x_rcc.o(.text)
    RCC_HSICmd                               0x08003237   Thumb Code     6  stm32f10x_rcc.o(.text)
    RCC_PLLConfig                            0x0800323d   Thumb Code    24  stm32f10x_rcc.o(.text)
    RCC_PLLCmd                               0x08003255   Thumb Code     6  stm32f10x_rcc.o(.text)
    RCC_SYSCLKConfig                         0x0800325b   Thumb Code    18  stm32f10x_rcc.o(.text)
    RCC_GetSYSCLKSource                      0x0800326d   Thumb Code    10  stm32f10x_rcc.o(.text)
    RCC_HCLKConfig                           0x08003277   Thumb Code    18  stm32f10x_rcc.o(.text)
    RCC_PCLK1Config                          0x08003289   Thumb Code    18  stm32f10x_rcc.o(.text)
    RCC_PCLK2Config                          0x0800329b   Thumb Code    20  stm32f10x_rcc.o(.text)
    RCC_ITConfig                             0x080032af   Thumb Code    26  stm32f10x_rcc.o(.text)
    RCC_USBCLKConfig                         0x080032c9   Thumb Code     8  stm32f10x_rcc.o(.text)
    RCC_ADCCLKConfig                         0x080032d1   Thumb Code    18  stm32f10x_rcc.o(.text)
    RCC_LSEConfig                            0x080032e3   Thumb Code    50  stm32f10x_rcc.o(.text)
    RCC_LSICmd                               0x08003315   Thumb Code     6  stm32f10x_rcc.o(.text)
    RCC_RTCCLKConfig                         0x0800331b   Thumb Code    12  stm32f10x_rcc.o(.text)
    RCC_RTCCLKCmd                            0x08003327   Thumb Code     8  stm32f10x_rcc.o(.text)
    RCC_GetClocksFreq                        0x0800332f   Thumb Code   192  stm32f10x_rcc.o(.text)
    RCC_AHBPeriphClockCmd                    0x080033ef   Thumb Code    26  stm32f10x_rcc.o(.text)
    RCC_APB2PeriphClockCmd                   0x08003409   Thumb Code    26  stm32f10x_rcc.o(.text)
    RCC_APB1PeriphClockCmd                   0x08003423   Thumb Code    26  stm32f10x_rcc.o(.text)
    RCC_APB2PeriphResetCmd                   0x0800343d   Thumb Code    26  stm32f10x_rcc.o(.text)
    RCC_APB1PeriphResetCmd                   0x08003457   Thumb Code    26  stm32f10x_rcc.o(.text)
    RCC_BackupResetCmd                       0x08003471   Thumb Code     8  stm32f10x_rcc.o(.text)
    RCC_ClockSecuritySystemCmd               0x08003479   Thumb Code     6  stm32f10x_rcc.o(.text)
    RCC_MCOConfig                            0x0800347f   Thumb Code     6  stm32f10x_rcc.o(.text)
    RCC_ClearFlag                            0x08003485   Thumb Code    14  stm32f10x_rcc.o(.text)
    RCC_GetITStatus                          0x08003493   Thumb Code    20  stm32f10x_rcc.o(.text)
    RCC_ClearITPendingBit                    0x080034a7   Thumb Code     6  stm32f10x_rcc.o(.text)
    TIM_DeInit                               0x080034d1   Thumb Code   424  stm32f10x_tim.o(.text)
    TIM_TimeBaseInit                         0x08003679   Thumb Code   122  stm32f10x_tim.o(.text)
    TIM_OC1Init                              0x080036f3   Thumb Code   132  stm32f10x_tim.o(.text)
    TIM_OC2Init                              0x08003777   Thumb Code   154  stm32f10x_tim.o(.text)
    TIM_OC3Init                              0x08003811   Thumb Code   150  stm32f10x_tim.o(.text)
    TIM_OC4Init                              0x080038a7   Thumb Code   182  stm32f10x_tim.o(.text)
    TIM_SetIC4Prescaler                      0x0800395d   Thumb Code    26  stm32f10x_tim.o(.text)
    TIM_SetIC3Prescaler                      0x080039f9   Thumb Code    18  stm32f10x_tim.o(.text)
    TIM_SetIC2Prescaler                      0x08003a85   Thumb Code    26  stm32f10x_tim.o(.text)
    TIM_SetIC1Prescaler                      0x08003b21   Thumb Code    18  stm32f10x_tim.o(.text)
    TIM_ICInit                               0x08003b9f   Thumb Code   150  stm32f10x_tim.o(.text)
    TIM_PWMIConfig                           0x08003c35   Thumb Code   124  stm32f10x_tim.o(.text)
    TIM_BDTRConfig                           0x08003cb1   Thumb Code    32  stm32f10x_tim.o(.text)
    TIM_TimeBaseStructInit                   0x08003cd1   Thumb Code    18  stm32f10x_tim.o(.text)
    TIM_OCStructInit                         0x08003ce3   Thumb Code    20  stm32f10x_tim.o(.text)
    TIM_ICStructInit                         0x08003cf7   Thumb Code    18  stm32f10x_tim.o(.text)
    TIM_BDTRStructInit                       0x08003d09   Thumb Code    40  stm32f10x_tim.o(.text)
    TIM_Cmd                                  0x08003d31   Thumb Code    24  stm32f10x_tim.o(.text)
    TIM_CtrlPWMOutputs                       0x08003d49   Thumb Code    30  stm32f10x_tim.o(.text)
    TIM_ITConfig                             0x08003d67   Thumb Code    18  stm32f10x_tim.o(.text)
    TIM_GenerateEvent                        0x08003d79   Thumb Code     4  stm32f10x_tim.o(.text)
    TIM_DMAConfig                            0x08003d7d   Thumb Code    10  stm32f10x_tim.o(.text)
    TIM_DMACmd                               0x08003d87   Thumb Code    18  stm32f10x_tim.o(.text)
    TIM_InternalClockConfig                  0x08003d99   Thumb Code    12  stm32f10x_tim.o(.text)
    TIM_SelectInputTrigger                   0x08003da5   Thumb Code    18  stm32f10x_tim.o(.text)
    TIM_ITRxExternalClockConfig              0x08003db7   Thumb Code    24  stm32f10x_tim.o(.text)
    TIM_TIxExternalClockConfig               0x08003dcf   Thumb Code    62  stm32f10x_tim.o(.text)
    TIM_ETRConfig                            0x08003e0d   Thumb Code    28  stm32f10x_tim.o(.text)
    TIM_ETRClockMode1Config                  0x08003e29   Thumb Code    54  stm32f10x_tim.o(.text)
    TIM_ETRClockMode2Config                  0x08003e5f   Thumb Code    32  stm32f10x_tim.o(.text)
    TIM_PrescalerConfig                      0x08003e7f   Thumb Code     6  stm32f10x_tim.o(.text)
    TIM_CounterModeConfig                    0x08003e85   Thumb Code    18  stm32f10x_tim.o(.text)
    TIM_EncoderInterfaceConfig               0x08003e97   Thumb Code    66  stm32f10x_tim.o(.text)
    TIM_ForcedOC1Config                      0x08003ed9   Thumb Code    18  stm32f10x_tim.o(.text)
    TIM_ForcedOC2Config                      0x08003eeb   Thumb Code    26  stm32f10x_tim.o(.text)
    TIM_ForcedOC3Config                      0x08003f05   Thumb Code    18  stm32f10x_tim.o(.text)
    TIM_ForcedOC4Config                      0x08003f17   Thumb Code    26  stm32f10x_tim.o(.text)
    TIM_ARRPreloadConfig                     0x08003f31   Thumb Code    24  stm32f10x_tim.o(.text)
    TIM_SelectCOM                            0x08003f49   Thumb Code    24  stm32f10x_tim.o(.text)
    TIM_SelectCCDMA                          0x08003f61   Thumb Code    24  stm32f10x_tim.o(.text)
    TIM_CCPreloadControl                     0x08003f79   Thumb Code    24  stm32f10x_tim.o(.text)
    TIM_OC1PreloadConfig                     0x08003f91   Thumb Code    18  stm32f10x_tim.o(.text)
    TIM_OC2PreloadConfig                     0x08003fa3   Thumb Code    26  stm32f10x_tim.o(.text)
    TIM_OC3PreloadConfig                     0x08003fbd   Thumb Code    18  stm32f10x_tim.o(.text)
    TIM_OC4PreloadConfig                     0x08003fcf   Thumb Code    26  stm32f10x_tim.o(.text)
    TIM_OC1FastConfig                        0x08003fe9   Thumb Code    18  stm32f10x_tim.o(.text)
    TIM_OC2FastConfig                        0x08003ffb   Thumb Code    26  stm32f10x_tim.o(.text)
    TIM_OC3FastConfig                        0x08004015   Thumb Code    18  stm32f10x_tim.o(.text)
    TIM_OC4FastConfig                        0x08004027   Thumb Code    26  stm32f10x_tim.o(.text)
    TIM_ClearOC1Ref                          0x08004041   Thumb Code    18  stm32f10x_tim.o(.text)
    TIM_ClearOC2Ref                          0x08004053   Thumb Code    24  stm32f10x_tim.o(.text)
    TIM_ClearOC3Ref                          0x0800406b   Thumb Code    18  stm32f10x_tim.o(.text)
    TIM_ClearOC4Ref                          0x0800407d   Thumb Code    24  stm32f10x_tim.o(.text)
    TIM_OC1PolarityConfig                    0x08004095   Thumb Code    18  stm32f10x_tim.o(.text)
    TIM_OC1NPolarityConfig                   0x080040a7   Thumb Code    18  stm32f10x_tim.o(.text)
    TIM_OC2PolarityConfig                    0x080040b9   Thumb Code    26  stm32f10x_tim.o(.text)
    TIM_OC2NPolarityConfig                   0x080040d3   Thumb Code    26  stm32f10x_tim.o(.text)
    TIM_OC3PolarityConfig                    0x080040ed   Thumb Code    26  stm32f10x_tim.o(.text)
    TIM_OC3NPolarityConfig                   0x08004107   Thumb Code    26  stm32f10x_tim.o(.text)
    TIM_OC4PolarityConfig                    0x08004121   Thumb Code    26  stm32f10x_tim.o(.text)
    TIM_CCxCmd                               0x0800413b   Thumb Code    30  stm32f10x_tim.o(.text)
    TIM_CCxNCmd                              0x08004159   Thumb Code    30  stm32f10x_tim.o(.text)
    TIM_SelectOCxM                           0x08004177   Thumb Code    82  stm32f10x_tim.o(.text)
    TIM_UpdateDisableConfig                  0x080041c9   Thumb Code    24  stm32f10x_tim.o(.text)
    TIM_UpdateRequestConfig                  0x080041e1   Thumb Code    24  stm32f10x_tim.o(.text)
    TIM_SelectHallSensor                     0x080041f9   Thumb Code    24  stm32f10x_tim.o(.text)
    TIM_SelectOnePulseMode                   0x08004211   Thumb Code    18  stm32f10x_tim.o(.text)
    TIM_SelectOutputTrigger                  0x08004223   Thumb Code    18  stm32f10x_tim.o(.text)
    TIM_SelectSlaveMode                      0x08004235   Thumb Code    18  stm32f10x_tim.o(.text)
    TIM_SelectMasterSlaveMode                0x08004247   Thumb Code    18  stm32f10x_tim.o(.text)
    TIM_SetCounter                           0x08004259   Thumb Code     4  stm32f10x_tim.o(.text)
    TIM_SetAutoreload                        0x0800425d   Thumb Code     4  stm32f10x_tim.o(.text)
    TIM_SetCompare1                          0x08004261   Thumb Code     4  stm32f10x_tim.o(.text)
    TIM_SetCompare2                          0x08004265   Thumb Code     4  stm32f10x_tim.o(.text)
    TIM_SetCompare3                          0x08004269   Thumb Code     4  stm32f10x_tim.o(.text)
    TIM_SetCompare4                          0x0800426d   Thumb Code     6  stm32f10x_tim.o(.text)
    TIM_SetClockDivision                     0x08004273   Thumb Code    18  stm32f10x_tim.o(.text)
    TIM_GetCapture1                          0x08004285   Thumb Code     6  stm32f10x_tim.o(.text)
    TIM_GetCapture2                          0x0800428b   Thumb Code     6  stm32f10x_tim.o(.text)
    TIM_GetCapture3                          0x08004291   Thumb Code     6  stm32f10x_tim.o(.text)
    TIM_GetCapture4                          0x08004297   Thumb Code     8  stm32f10x_tim.o(.text)
    TIM_GetCounter                           0x0800429f   Thumb Code     6  stm32f10x_tim.o(.text)
    TIM_GetPrescaler                         0x080042a5   Thumb Code     6  stm32f10x_tim.o(.text)
    TIM_GetFlagStatus                        0x080042ab   Thumb Code    18  stm32f10x_tim.o(.text)
    TIM_ClearFlag                            0x080042bd   Thumb Code     6  stm32f10x_tim.o(.text)
    TIM_GetITStatus                          0x080042c3   Thumb Code    34  stm32f10x_tim.o(.text)
    TIM_ClearITPendingBit                    0x080042e5   Thumb Code     6  stm32f10x_tim.o(.text)
    USART_DeInit                             0x080042ed   Thumb Code   134  stm32f10x_usart.o(.text)
    USART_Init                               0x08004373   Thumb Code   210  stm32f10x_usart.o(.text)
    USART_StructInit                         0x08004445   Thumb Code    24  stm32f10x_usart.o(.text)
    USART_ClockInit                          0x0800445d   Thumb Code    34  stm32f10x_usart.o(.text)
    USART_ClockStructInit                    0x0800447f   Thumb Code    12  stm32f10x_usart.o(.text)
    USART_Cmd                                0x0800448b   Thumb Code    24  stm32f10x_usart.o(.text)
    USART_ITConfig                           0x080044a3   Thumb Code    74  stm32f10x_usart.o(.text)
    USART_DMACmd                             0x080044ed   Thumb Code    18  stm32f10x_usart.o(.text)
    USART_SetAddress                         0x080044ff   Thumb Code    18  stm32f10x_usart.o(.text)
    USART_WakeUpConfig                       0x08004511   Thumb Code    18  stm32f10x_usart.o(.text)
    USART_ReceiverWakeUpCmd                  0x08004523   Thumb Code    24  stm32f10x_usart.o(.text)
    USART_LINBreakDetectLengthConfig         0x0800453b   Thumb Code    18  stm32f10x_usart.o(.text)
    USART_LINCmd                             0x0800454d   Thumb Code    24  stm32f10x_usart.o(.text)
    USART_SendData                           0x08004565   Thumb Code     8  stm32f10x_usart.o(.text)
    USART_ReceiveData                        0x0800456d   Thumb Code    10  stm32f10x_usart.o(.text)
    USART_SendBreak                          0x08004577   Thumb Code    10  stm32f10x_usart.o(.text)
    USART_SetGuardTime                       0x08004581   Thumb Code    16  stm32f10x_usart.o(.text)
    USART_SetPrescaler                       0x08004591   Thumb Code    16  stm32f10x_usart.o(.text)
    USART_SmartCardCmd                       0x080045a1   Thumb Code    24  stm32f10x_usart.o(.text)
    USART_SmartCardNACKCmd                   0x080045b9   Thumb Code    24  stm32f10x_usart.o(.text)
    USART_HalfDuplexCmd                      0x080045d1   Thumb Code    24  stm32f10x_usart.o(.text)
    USART_OverSampling8Cmd                   0x080045e9   Thumb Code    22  stm32f10x_usart.o(.text)
    USART_OneBitMethodCmd                    0x080045ff   Thumb Code    24  stm32f10x_usart.o(.text)
    USART_IrDAConfig                         0x08004617   Thumb Code    18  stm32f10x_usart.o(.text)
    USART_IrDACmd                            0x08004629   Thumb Code    24  stm32f10x_usart.o(.text)
    USART_GetFlagStatus                      0x08004641   Thumb Code    26  stm32f10x_usart.o(.text)
    USART_ClearFlag                          0x0800465b   Thumb Code    18  stm32f10x_usart.o(.text)
    USART_GetITStatus                        0x0800466d   Thumb Code    84  stm32f10x_usart.o(.text)
    USART_ClearITPendingBit                  0x080046c1   Thumb Code    52  stm32f10x_usart.o(.text)
    Reset_Handler                            0x080046f5   Thumb Code     8  startup_stm32f10x_md.o(.text)
    NMI_Handler                              0x080046fd   Thumb Code     2  startup_stm32f10x_md.o(.text)
    HardFault_Handler                        0x080046ff   Thumb Code     2  startup_stm32f10x_md.o(.text)
    MemManage_Handler                        0x08004701   Thumb Code     2  startup_stm32f10x_md.o(.text)
    BusFault_Handler                         0x08004703   Thumb Code     2  startup_stm32f10x_md.o(.text)
    UsageFault_Handler                       0x08004705   Thumb Code     2  startup_stm32f10x_md.o(.text)
    DebugMon_Handler                         0x08004709   Thumb Code     2  startup_stm32f10x_md.o(.text)
    ADC1_2_IRQHandler                        0x0800470f   Thumb Code     0  startup_stm32f10x_md.o(.text)
    CAN1_RX1_IRQHandler                      0x0800470f   Thumb Code     0  startup_stm32f10x_md.o(.text)
    CAN1_SCE_IRQHandler                      0x0800470f   Thumb Code     0  startup_stm32f10x_md.o(.text)
    DMA1_Channel1_IRQHandler                 0x0800470f   Thumb Code     0  startup_stm32f10x_md.o(.text)
    DMA1_Channel2_IRQHandler                 0x0800470f   Thumb Code     0  startup_stm32f10x_md.o(.text)
    DMA1_Channel3_IRQHandler                 0x0800470f   Thumb Code     0  startup_stm32f10x_md.o(.text)
    DMA1_Channel4_IRQHandler                 0x0800470f   Thumb Code     0  startup_stm32f10x_md.o(.text)
    DMA1_Channel5_IRQHandler                 0x0800470f   Thumb Code     0  startup_stm32f10x_md.o(.text)
    DMA1_Channel6_IRQHandler                 0x0800470f   Thumb Code     0  startup_stm32f10x_md.o(.text)
    DMA1_Channel7_IRQHandler                 0x0800470f   Thumb Code     0  startup_stm32f10x_md.o(.text)
    EXTI0_IRQHandler                         0x0800470f   Thumb Code     0  startup_stm32f10x_md.o(.text)
    EXTI15_10_IRQHandler                     0x0800470f   Thumb Code     0  startup_stm32f10x_md.o(.text)
    EXTI1_IRQHandler                         0x0800470f   Thumb Code     0  startup_stm32f10x_md.o(.text)
    EXTI2_IRQHandler                         0x0800470f   Thumb Code     0  startup_stm32f10x_md.o(.text)
    EXTI3_IRQHandler                         0x0800470f   Thumb Code     0  startup_stm32f10x_md.o(.text)
    EXTI4_IRQHandler                         0x0800470f   Thumb Code     0  startup_stm32f10x_md.o(.text)
    EXTI9_5_IRQHandler                       0x0800470f   Thumb Code     0  startup_stm32f10x_md.o(.text)
    FLASH_IRQHandler                         0x0800470f   Thumb Code     0  startup_stm32f10x_md.o(.text)
    I2C1_ER_IRQHandler                       0x0800470f   Thumb Code     0  startup_stm32f10x_md.o(.text)
    I2C1_EV_IRQHandler                       0x0800470f   Thumb Code     0  startup_stm32f10x_md.o(.text)
    I2C2_ER_IRQHandler                       0x0800470f   Thumb Code     0  startup_stm32f10x_md.o(.text)
    I2C2_EV_IRQHandler                       0x0800470f   Thumb Code     0  startup_stm32f10x_md.o(.text)
    PVD_IRQHandler                           0x0800470f   Thumb Code     0  startup_stm32f10x_md.o(.text)
    RCC_IRQHandler                           0x0800470f   Thumb Code     0  startup_stm32f10x_md.o(.text)
    RTCAlarm_IRQHandler                      0x0800470f   Thumb Code     0  startup_stm32f10x_md.o(.text)
    RTC_IRQHandler                           0x0800470f   Thumb Code     0  startup_stm32f10x_md.o(.text)
    SPI1_IRQHandler                          0x0800470f   Thumb Code     0  startup_stm32f10x_md.o(.text)
    SPI2_IRQHandler                          0x0800470f   Thumb Code     0  startup_stm32f10x_md.o(.text)
    TAMPER_IRQHandler                        0x0800470f   Thumb Code     0  startup_stm32f10x_md.o(.text)
    TIM1_BRK_IRQHandler                      0x0800470f   Thumb Code     0  startup_stm32f10x_md.o(.text)
    TIM1_CC_IRQHandler                       0x0800470f   Thumb Code     0  startup_stm32f10x_md.o(.text)
    TIM1_TRG_COM_IRQHandler                  0x0800470f   Thumb Code     0  startup_stm32f10x_md.o(.text)
    TIM1_UP_IRQHandler                       0x0800470f   Thumb Code     0  startup_stm32f10x_md.o(.text)
    TIM3_IRQHandler                          0x0800470f   Thumb Code     0  startup_stm32f10x_md.o(.text)
    TIM4_IRQHandler                          0x0800470f   Thumb Code     0  startup_stm32f10x_md.o(.text)
    USART1_IRQHandler                        0x0800470f   Thumb Code     0  startup_stm32f10x_md.o(.text)
    USART2_IRQHandler                        0x0800470f   Thumb Code     0  startup_stm32f10x_md.o(.text)
    USART3_IRQHandler                        0x0800470f   Thumb Code     0  startup_stm32f10x_md.o(.text)
    USBWakeUp_IRQHandler                     0x0800470f   Thumb Code     0  startup_stm32f10x_md.o(.text)
    USB_HP_CAN1_TX_IRQHandler                0x0800470f   Thumb Code     0  startup_stm32f10x_md.o(.text)
    USB_LP_CAN1_RX0_IRQHandler               0x0800470f   Thumb Code     0  startup_stm32f10x_md.o(.text)
    WWDG_IRQHandler                          0x0800470f   Thumb Code     0  startup_stm32f10x_md.o(.text)
    __user_initial_stackheap                 0x08004711   Thumb Code     0  startup_stm32f10x_md.o(.text)
    SystemInit                               0x08004813   Thumb Code    78  system_stm32f10x.o(.text)
    SystemCoreClockUpdate                    0x08004861   Thumb Code   142  system_stm32f10x.o(.text)
    __c89vsprintf                            0x08004915   Thumb Code    32  c89vsprintf.o(.text)
    __2sprintf                               0x08004939   Thumb Code    38  __2sprintf.o(.text)
    _printf_pre_padding                      0x08004965   Thumb Code    44  _printf_pad.o(.text)
    _printf_post_padding                     0x08004991   Thumb Code    34  _printf_pad.o(.text)
    _printf_truncate_signed                  0x080049b3   Thumb Code    18  _printf_truncate.o(.text)
    _printf_truncate_unsigned                0x080049c5   Thumb Code    18  _printf_truncate.o(.text)
    _printf_str                              0x080049d7   Thumb Code    82  _printf_str.o(.text)
    _printf_int_dec                          0x08004a29   Thumb Code   104  _printf_dec.o(.text)
    _printf_wctomb                           0x08004aa1   Thumb Code   182  _printf_wctomb.o(.text)
    _printf_longlong_oct                     0x08004b5d   Thumb Code    66  _printf_oct_int_ll.o(.text)
    _printf_int_oct                          0x08004b9f   Thumb Code    24  _printf_oct_int_ll.o(.text)
    _printf_ll_oct                           0x08004bb7   Thumb Code    12  _printf_oct_int_ll.o(.text)
    _printf_longlong_hex                     0x08004bcd   Thumb Code    86  _printf_hex_int_ll_ptr.o(.text)
    _printf_int_hex                          0x08004c23   Thumb Code    28  _printf_hex_int_ll_ptr.o(.text)
    _printf_ll_hex                           0x08004c3f   Thumb Code    12  _printf_hex_int_ll_ptr.o(.text)
    _printf_hex_ptr                          0x08004c4b   Thumb Code    18  _printf_hex_int_ll_ptr.o(.text)
    __printf                                 0x08004c61   Thumb Code   388  __printf_flags_ss_wp.o(.text)
    strcpy                                   0x08004de9   Thumb Code    72  strcpy.o(.text)
    strlen                                   0x08004e31   Thumb Code    62  strlen.o(.text)
    __aeabi_memcpy                           0x08004e6f   Thumb Code     0  rt_memcpy_v6.o(.text)
    __rt_memcpy                              0x08004e6f   Thumb Code   138  rt_memcpy_v6.o(.text)
    _memcpy_lastbytes                        0x08004ed5   Thumb Code     0  rt_memcpy_v6.o(.text)
    __aeabi_memset                           0x08004ef9   Thumb Code    16  aeabi_memset.o(.text)
    __use_two_region_memory                  0x08004f09   Thumb Code     2  heapauxi.o(.text)
    __rt_heap_escrow$2region                 0x08004f0b   Thumb Code     2  heapauxi.o(.text)
    __rt_heap_expand$2region                 0x08004f0d   Thumb Code     2  heapauxi.o(.text)
    _printf_int_common                       0x08004f0f   Thumb Code   178  _printf_intcommon.o(.text)
    _printf_charcount                        0x08004fc1   Thumb Code    40  _printf_charcount.o(.text)
    _printf_char_common                      0x08004ff3   Thumb Code    32  _printf_char_common.o(.text)
    _sputc                                   0x08005019   Thumb Code    10  _sputc.o(.text)
    _printf_cs_common                        0x08005023   Thumb Code    20  _printf_char.o(.text)
    _printf_char                             0x08005037   Thumb Code    16  _printf_char.o(.text)
    _printf_string                           0x08005047   Thumb Code     8  _printf_char.o(.text)
    _printf_lcs_common                       0x0800504f   Thumb Code    20  _printf_wchar.o(.text)
    _printf_wchar                            0x08005063   Thumb Code    16  _printf_wchar.o(.text)
    _printf_wstring                          0x08005073   Thumb Code     8  _printf_wchar.o(.text)
    _printf_longlong_dec                     0x0800507d   Thumb Code   108  _printf_longlong_dec.o(.text)
    _wcrtomb                                 0x080050f9   Thumb Code    64  _wcrtomb.o(.text)
    __aeabi_memcpy4                          0x08005139   Thumb Code     0  rt_memcpy_w.o(.text)
    __aeabi_memcpy8                          0x08005139   Thumb Code     0  rt_memcpy_w.o(.text)
    __rt_memcpy_w                            0x08005139   Thumb Code   100  rt_memcpy_w.o(.text)
    _memcpy_lastbytes_aligned                0x08005181   Thumb Code     0  rt_memcpy_w.o(.text)
    __aeabi_memclr                           0x0800519d   Thumb Code     0  rt_memclr.o(.text)
    __rt_memclr                              0x0800519d   Thumb Code    68  rt_memclr.o(.text)
    _memset                                  0x080051a1   Thumb Code     0  rt_memclr.o(.text)
    __rt_ctype_table                         0x080051e1   Thumb Code    16  rt_ctype_table.o(.text)
    _ll_udiv10                               0x080051f1   Thumb Code   138  lludiv10.o(.text)
    __lib_sel_fp_printf                      0x0800527b   Thumb Code     2  _printf_fp_dec.o(.text)
    _printf_fp_dec_real                      0x08005429   Thumb Code   620  _printf_fp_dec.o(.text)
    __aeabi_memclr4                          0x08005695   Thumb Code     0  rt_memclr_w.o(.text)
    __aeabi_memclr8                          0x08005695   Thumb Code     0  rt_memclr_w.o(.text)
    __rt_memclr_w                            0x08005695   Thumb Code    78  rt_memclr_w.o(.text)
    _memset_w                                0x08005699   Thumb Code     0  rt_memclr_w.o(.text)
    __user_setup_stackheap                   0x080056e3   Thumb Code    74  sys_stackheap_outer.o(.text)
    __rt_locale                              0x0800572d   Thumb Code     8  rt_locale_intlibspace.o(.text)
    _printf_fp_infnan                        0x08005735   Thumb Code   112  _printf_fp_infnan.o(.text)
    _btod_etento                             0x080057b5   Thumb Code   216  bigflt0.o(.text)
    exit                                     0x08005891   Thumb Code    18  exit.o(.text)
    __user_libspace                          0x080058a5   Thumb Code     8  libspace.o(.text)
    __user_perproc_libspace                  0x080058a5   Thumb Code     0  libspace.o(.text)
    __user_perthread_libspace                0x080058a5   Thumb Code     0  libspace.o(.text)
    strcmp                                   0x080058ad   Thumb Code   128  strcmpv7m.o(.text)
    _sys_exit                                0x0800592d   Thumb Code     8  sys_exit.o(.text)
    __I$use$semihosting                      0x08005939   Thumb Code     0  use_no_semi.o(.text)
    __use_no_semihosting_swi                 0x08005939   Thumb Code     2  use_no_semi.o(.text)
    __semihosting_library_function           0x0800593b   Thumb Code     0  indicate_semi.o(.text)
    _btod_d2e                                0x0800593b   Thumb Code    62  btod.o(CL$$btod_d2e)
    _d2e_denorm_low                          0x08005979   Thumb Code    70  btod.o(CL$$btod_d2e_denorm_low)
    _d2e_norm_op1                            0x080059bf   Thumb Code    96  btod.o(CL$$btod_d2e_norm_op1)
    __btod_div_common                        0x08005a1f   Thumb Code   696  btod.o(CL$$btod_div_common)
    _e2e                                     0x08005d57   Thumb Code   198  btod.o(CL$$btod_e2e)
    _btod_ediv                               0x08005e1d   Thumb Code    40  btod.o(CL$$btod_ediv)
    _btod_emul                               0x08005e45   Thumb Code    40  btod.o(CL$$btod_emul)
    __btod_mult_common                       0x08005e6d   Thumb Code   580  btod.o(CL$$btod_mult_common)
    __ARM_fpclassify                         0x080060b1   Thumb Code    40  fpclassify.o(i.__ARM_fpclassify)
    _is_digit                                0x080060d9   Thumb Code    14  __printf_wp.o(i._is_digit)
    _get_lc_ctype                            0x080060e9   Thumb Code    44  lc_ctype_c.o(locale$$code)
    _get_lc_numeric                          0x08006115   Thumb Code    44  lc_numeric_c.o(locale$$code)
    _printf_fp_dec                           0x08006141   Thumb Code     4  printf1.o(x$fpl$printf1)
    __I$use$fp                               0x08006144   Number         0  usenofp.o(x$fpl$usenofp)
    Region$$Table$$Base                      0x0800623c   Number         0  anon$$obj.o(Region$$Table)
    Region$$Table$$Limit                     0x0800625c   Number         0  anon$$obj.o(Region$$Table)
    __ctype                                  0x08006269   Data           0  lc_ctype_c.o(locale$$data)
    turnRight                                0x20000000   Data           1  main.o(.data)
    stepMode                                 0x20000001   Data           1  main.o(.data)
    statsBufferPtr                           0x20000004   Data           4  main.o(.data)
    fun_ptr                                  0x20000008   Data          12  main.o(.data)
    xMotorTimer                              0x20000014   Data           4  main.o(.data)
    xAlarmTimer                              0x20000018   Data           4  main.o(.data)
    xShortMsgQueue                           0x2000001c   Data           4  main.o(.data)
    xLongMsgQueue                            0x20000020   Data           4  main.o(.data)
    temp                                     0x20000024   Data           4  main.o(.data)
    ulHighFrequencyTimerTicks                0x20000028   Data           4  main.o(.data)
    pxCurrentTCB                             0x20000030   Data           4  tasks.o(.data)
    SystemCoreClock                          0x200000b8   Data           4  system_stm32f10x.o(.data)
    AHBPrescTable                            0x200000bc   Data          16  system_stm32f10x.o(.data)
    statsBuffer                              0x200000cc   Data         512  main.o(.bss)
    __libspace_start                         0x20004020   Data          96  libspace.o(.bss)
    __temporary_stack_top$libspace           0x20004080   Data           0  libspace.o(.bss)



==============================================================================

Memory Map of the image

  Image Entry point : 0x080046f5

  Load Region LR_1 (Base: 0x08000000, Size: 0x00006454, Max: 0xffffffff, ABSOLUTE)

    Execution Region ER_RO (Base: 0x08000000, Size: 0x00006388, Max: 0xffffffff, ABSOLUTE)

    Base Addr    Size         Type   Attr      Idx    E Section Name        Object

    0x08000000   0x000000ec   Data   RO          428    RESET               startup_stm32f10x_md.o
    0x080000ec   0x00000008   Code   RO          549  * !!!main             c_w.l(__main.o)
    0x080000f4   0x00000034   Code   RO          799    !!!scatter          c_w.l(__scatter.o)
    0x08000128   0x0000001a   Code   RO          801    !!handler_copy      c_w.l(__scatter_copy.o)
    0x08000142   0x00000002   PAD
    0x08000144   0x0000001c   Code   RO          803    !!handler_zi        c_w.l(__scatter_zi.o)
    0x08000160   0x00000000   Code   RO          537    .ARM.Collect$$_printf_percent$$00000000  c_w.l(_printf_percent.o)
    0x08000160   0x00000006   Code   RO          567    .ARM.Collect$$_printf_percent$$00000001  c_w.l(_printf_n.o)
    0x08000166   0x00000006   Code   RO          568    .ARM.Collect$$_printf_percent$$00000002  c_w.l(_printf_p.o)
    0x0800016c   0x00000006   Code   RO          569    .ARM.Collect$$_printf_percent$$00000003  c_w.l(_printf_f.o)
    0x08000172   0x00000006   Code   RO          570    .ARM.Collect$$_printf_percent$$00000004  c_w.l(_printf_e.o)
    0x08000178   0x00000006   Code   RO          571    .ARM.Collect$$_printf_percent$$00000005  c_w.l(_printf_g.o)
    0x0800017e   0x00000006   Code   RO          572    .ARM.Collect$$_printf_percent$$00000006  c_w.l(_printf_a.o)
    0x08000184   0x0000000a   Code   RO          577    .ARM.Collect$$_printf_percent$$00000007  c_w.l(_printf_ll.o)
    0x0800018e   0x00000006   Code   RO          534    .ARM.Collect$$_printf_percent$$00000008  c_w.l(_printf_i.o)
    0x08000194   0x00000006   Code   RO          535    .ARM.Collect$$_printf_percent$$00000009  c_w.l(_printf_d.o)
    0x0800019a   0x00000006   Code   RO          536    .ARM.Collect$$_printf_percent$$0000000A  c_w.l(_printf_u.o)
    0x080001a0   0x00000006   Code   RO          533    .ARM.Collect$$_printf_percent$$0000000B  c_w.l(_printf_o.o)
    0x080001a6   0x00000006   Code   RO          532    .ARM.Collect$$_printf_percent$$0000000C  c_w.l(_printf_x.o)
    0x080001ac   0x00000006   Code   RO          574    .ARM.Collect$$_printf_percent$$0000000D  c_w.l(_printf_lli.o)
    0x080001b2   0x00000006   Code   RO          575    .ARM.Collect$$_printf_percent$$0000000E  c_w.l(_printf_lld.o)
    0x080001b8   0x00000006   Code   RO          576    .ARM.Collect$$_printf_percent$$0000000F  c_w.l(_printf_llu.o)
    0x080001be   0x00000006   Code   RO          580    .ARM.Collect$$_printf_percent$$00000010  c_w.l(_printf_llo.o)
    0x080001c4   0x00000006   Code   RO          581    .ARM.Collect$$_printf_percent$$00000011  c_w.l(_printf_llx.o)
    0x080001ca   0x0000000a   Code   RO          578    .ARM.Collect$$_printf_percent$$00000012  c_w.l(_printf_l.o)
    0x080001d4   0x00000006   Code   RO          531    .ARM.Collect$$_printf_percent$$00000013  c_w.l(_printf_c.o)
    0x080001da   0x00000006   Code   RO          566    .ARM.Collect$$_printf_percent$$00000014  c_w.l(_printf_s.o)
    0x080001e0   0x00000006   Code   RO          538    .ARM.Collect$$_printf_percent$$00000015  c_w.l(_printf_lc.o)
    0x080001e6   0x00000006   Code   RO          579    .ARM.Collect$$_printf_percent$$00000016  c_w.l(_printf_ls.o)
    0x080001ec   0x00000004   Code   RO          573    .ARM.Collect$$_printf_percent$$00000017  c_w.l(_printf_percent_end.o)
    0x080001f0   0x00000002   Code   RO          662    .ARM.Collect$$libinit$$00000000  c_w.l(libinit.o)
    0x080001f2   0x00000000   Code   RO          676    .ARM.Collect$$libinit$$00000002  c_w.l(libinit2.o)
    0x080001f2   0x00000000   Code   RO          678    .ARM.Collect$$libinit$$00000004  c_w.l(libinit2.o)
    0x080001f2   0x00000000   Code   RO          681    .ARM.Collect$$libinit$$0000000A  c_w.l(libinit2.o)
    0x080001f2   0x00000000   Code   RO          683    .ARM.Collect$$libinit$$0000000C  c_w.l(libinit2.o)
    0x080001f2   0x00000000   Code   RO          685    .ARM.Collect$$libinit$$0000000E  c_w.l(libinit2.o)
    0x080001f2   0x00000006   Code   RO          686    .ARM.Collect$$libinit$$0000000F  c_w.l(libinit2.o)
    0x080001f8   0x00000000   Code   RO          688    .ARM.Collect$$libinit$$00000011  c_w.l(libinit2.o)
    0x080001f8   0x0000000c   Code   RO          689    .ARM.Collect$$libinit$$00000012  c_w.l(libinit2.o)
    0x08000204   0x00000000   Code   RO          690    .ARM.Collect$$libinit$$00000013  c_w.l(libinit2.o)
    0x08000204   0x00000000   Code   RO          692    .ARM.Collect$$libinit$$00000015  c_w.l(libinit2.o)
    0x08000204   0x0000000a   Code   RO          693    .ARM.Collect$$libinit$$00000016  c_w.l(libinit2.o)
    0x0800020e   0x00000000   Code   RO          694    .ARM.Collect$$libinit$$00000017  c_w.l(libinit2.o)
    0x0800020e   0x00000000   Code   RO          696    .ARM.Collect$$libinit$$00000019  c_w.l(libinit2.o)
    0x0800020e   0x00000000   Code   RO          698    .ARM.Collect$$libinit$$0000001B  c_w.l(libinit2.o)
    0x0800020e   0x00000000   Code   RO          700    .ARM.Collect$$libinit$$0000001D  c_w.l(libinit2.o)
    0x0800020e   0x00000000   Code   RO          702    .ARM.Collect$$libinit$$0000001F  c_w.l(libinit2.o)
    0x0800020e   0x00000000   Code   RO          704    .ARM.Collect$$libinit$$00000021  c_w.l(libinit2.o)
    0x0800020e   0x00000000   Code   RO          706    .ARM.Collect$$libinit$$00000023  c_w.l(libinit2.o)
    0x0800020e   0x00000000   Code   RO          708    .ARM.Collect$$libinit$$00000025  c_w.l(libinit2.o)
    0x0800020e   0x00000000   Code   RO          712    .ARM.Collect$$libinit$$0000002C  c_w.l(libinit2.o)
    0x0800020e   0x00000000   Code   RO          714    .ARM.Collect$$libinit$$0000002E  c_w.l(libinit2.o)
    0x0800020e   0x00000000   Code   RO          716    .ARM.Collect$$libinit$$00000030  c_w.l(libinit2.o)
    0x0800020e   0x00000000   Code   RO          718    .ARM.Collect$$libinit$$00000032  c_w.l(libinit2.o)
    0x0800020e   0x00000002   Code   RO          719    .ARM.Collect$$libinit$$00000033  c_w.l(libinit2.o)
    0x08000210   0x00000002   Code   RO          739    .ARM.Collect$$libshutdown$$00000000  c_w.l(libshutdown.o)
    0x08000212   0x00000000   Code   RO          752    .ARM.Collect$$libshutdown$$00000002  c_w.l(libshutdown2.o)
    0x08000212   0x00000000   Code   RO          754    .ARM.Collect$$libshutdown$$00000004  c_w.l(libshutdown2.o)
    0x08000212   0x00000000   Code   RO          757    .ARM.Collect$$libshutdown$$00000007  c_w.l(libshutdown2.o)
    0x08000212   0x00000000   Code   RO          760    .ARM.Collect$$libshutdown$$0000000A  c_w.l(libshutdown2.o)
    0x08000212   0x00000000   Code   RO          762    .ARM.Collect$$libshutdown$$0000000C  c_w.l(libshutdown2.o)
    0x08000212   0x00000000   Code   RO          765    .ARM.Collect$$libshutdown$$0000000F  c_w.l(libshutdown2.o)
    0x08000212   0x00000002   Code   RO          766    .ARM.Collect$$libshutdown$$00000010  c_w.l(libshutdown2.o)
    0x08000214   0x00000000   Code   RO          551    .ARM.Collect$$rtentry$$00000000  c_w.l(__rtentry.o)
    0x08000214   0x00000000   Code   RO          591    .ARM.Collect$$rtentry$$00000002  c_w.l(__rtentry2.o)
    0x08000214   0x00000006   Code   RO          603    .ARM.Collect$$rtentry$$00000004  c_w.l(__rtentry4.o)
    0x0800021a   0x00000000   Code   RO          593    .ARM.Collect$$rtentry$$00000009  c_w.l(__rtentry2.o)
    0x0800021a   0x00000004   Code   RO          594    .ARM.Collect$$rtentry$$0000000A  c_w.l(__rtentry2.o)
    0x0800021e   0x00000000   Code   RO          596    .ARM.Collect$$rtentry$$0000000C  c_w.l(__rtentry2.o)
    0x0800021e   0x00000008   Code   RO          597    .ARM.Collect$$rtentry$$0000000D  c_w.l(__rtentry2.o)
    0x08000226   0x00000002   Code   RO          671    .ARM.Collect$$rtexit$$00000000  c_w.l(rtexit.o)
    0x08000228   0x00000000   Code   RO          721    .ARM.Collect$$rtexit$$00000002  c_w.l(rtexit2.o)
    0x08000228   0x00000004   Code   RO          722    .ARM.Collect$$rtexit$$00000003  c_w.l(rtexit2.o)
    0x0800022c   0x00000006   Code   RO          723    .ARM.Collect$$rtexit$$00000004  c_w.l(rtexit2.o)
    0x08000232   0x00000002   PAD
    0x08000234   0x00000096   Code   RO          255    .emb_text           port.o
    0x080002ca   0x00000002   PAD
    0x080002cc   0x00000640   Code   RO            4    .text               main.o
    0x0800090c   0x00000094   Code   RO          178    .text               list.o
    0x080009a0   0x0000076c   Code   RO          190    .text               queue.o
    0x0800110c   0x00001590   Code   RO          205    .text               tasks.o
    0x0800269c   0x0000044c   Code   RO          240    .text               timers.o
    0x08002ae8   0x000000e8   Code   RO          256    .text               port.o
    0x08002bd0   0x00000124   Code   RO          285    .text               heap_2.o
    0x08002cf4   0x000000dc   Code   RO          303    .text               misc.o
    0x08002dd0   0x0000035c   Code   RO          331    .text               stm32f10x_gpio.o
    0x0800312c   0x000003a4   Code   RO          355    .text               stm32f10x_rcc.o
    0x080034d0   0x00000e1a   Code   RO          381    .text               stm32f10x_tim.o
    0x080042ea   0x00000002   PAD
    0x080042ec   0x00000408   Code   RO          405    .text               stm32f10x_usart.o
    0x080046f4   0x00000040   Code   RO          429  * .text               startup_stm32f10x_md.o
    0x08004734   0x000001e0   Code   RO          436    .text               system_stm32f10x.o
    0x08004914   0x00000024   Code   RO          465    .text               c_w.l(c89vsprintf.o)
    0x08004938   0x0000002c   Code   RO          467    .text               c_w.l(__2sprintf.o)
    0x08004964   0x0000004e   Code   RO          473    .text               c_w.l(_printf_pad.o)
    0x080049b2   0x00000024   Code   RO          475    .text               c_w.l(_printf_truncate.o)
    0x080049d6   0x00000052   Code   RO          477    .text               c_w.l(_printf_str.o)
    0x08004a28   0x00000078   Code   RO          479    .text               c_w.l(_printf_dec.o)
    0x08004aa0   0x000000bc   Code   RO          481    .text               c_w.l(_printf_wctomb.o)
    0x08004b5c   0x00000070   Code   RO          488    .text               c_w.l(_printf_oct_int_ll.o)
    0x08004bcc   0x00000094   Code   RO          508    .text               c_w.l(_printf_hex_int_ll_ptr.o)
    0x08004c60   0x00000188   Code   RO          528    .text               c_w.l(__printf_flags_ss_wp.o)
    0x08004de8   0x00000048   Code   RO          539    .text               c_w.l(strcpy.o)
    0x08004e30   0x0000003e   Code   RO          541    .text               c_w.l(strlen.o)
    0x08004e6e   0x0000008a   Code   RO          543    .text               c_w.l(rt_memcpy_v6.o)
    0x08004ef8   0x00000010   Code   RO          545    .text               c_w.l(aeabi_memset.o)
    0x08004f08   0x00000006   Code   RO          547    .text               c_w.l(heapauxi.o)
    0x08004f0e   0x000000b2   Code   RO          552    .text               c_w.l(_printf_intcommon.o)
    0x08004fc0   0x00000028   Code   RO          554    .text               c_w.l(_printf_charcount.o)
    0x08004fe8   0x00000030   Code   RO          556    .text               c_w.l(_printf_char_common.o)
    0x08005018   0x0000000a   Code   RO          558    .text               c_w.l(_sputc.o)
    0x08005022   0x0000002c   Code   RO          560    .text               c_w.l(_printf_char.o)
    0x0800504e   0x0000002c   Code   RO          562    .text               c_w.l(_printf_wchar.o)
    0x0800507a   0x00000002   PAD
    0x0800507c   0x0000007c   Code   RO          564    .text               c_w.l(_printf_longlong_dec.o)
    0x080050f8   0x00000040   Code   RO          582    .text               c_w.l(_wcrtomb.o)
    0x08005138   0x00000064   Code   RO          584    .text               c_w.l(rt_memcpy_w.o)
    0x0800519c   0x00000044   Code   RO          586    .text               c_w.l(rt_memclr.o)
    0x080051e0   0x00000010   Code   RO          605    .text               c_w.l(rt_ctype_table.o)
    0x080051f0   0x0000008a   Code   RO          607    .text               c_w.l(lludiv10.o)
    0x0800527a   0x0000041a   Code   RO          609    .text               c_w.l(_printf_fp_dec.o)
    0x08005694   0x0000004e   Code   RO          613    .text               c_w.l(rt_memclr_w.o)
    0x080056e2   0x0000004a   Code   RO          615    .text               c_w.l(sys_stackheap_outer.o)
    0x0800572c   0x00000008   Code   RO          620    .text               c_w.l(rt_locale_intlibspace.o)
    0x08005734   0x00000080   Code   RO          622    .text               c_w.l(_printf_fp_infnan.o)
    0x080057b4   0x000000dc   Code   RO          624    .text               c_w.l(bigflt0.o)
    0x08005890   0x00000012   Code   RO          655    .text               c_w.l(exit.o)
    0x080058a2   0x00000002   PAD
    0x080058a4   0x00000008   Code   RO          668    .text               c_w.l(libspace.o)
    0x080058ac   0x00000080   Code   RO          673    .text               c_w.l(strcmpv7m.o)
    0x0800592c   0x0000000c   Code   RO          731    .text               c_w.l(sys_exit.o)
    0x08005938   0x00000002   Code   RO          742    .text               c_w.l(use_no_semi.o)
    0x0800593a   0x00000000   Code   RO          744    .text               c_w.l(indicate_semi.o)
    0x0800593a   0x0000003e   Code   RO          627    CL$$btod_d2e        c_w.l(btod.o)
    0x08005978   0x00000046   Code   RO          629    CL$$btod_d2e_denorm_low  c_w.l(btod.o)
    0x080059be   0x00000060   Code   RO          628    CL$$btod_d2e_norm_op1  c_w.l(btod.o)
    0x08005a1e   0x00000338   Code   RO          637    CL$$btod_div_common  c_w.l(btod.o)
    0x08005d56   0x000000c6   Code   RO          634    CL$$btod_e2e        c_w.l(btod.o)
    0x08005e1c   0x00000028   Code   RO          631    CL$$btod_ediv       c_w.l(btod.o)
    0x08005e44   0x00000028   Code   RO          630    CL$$btod_emul       c_w.l(btod.o)
    0x08005e6c   0x00000244   Code   RO          636    CL$$btod_mult_common  c_w.l(btod.o)
    0x080060b0   0x00000028   Code   RO          666    i.__ARM_fpclassify  m_ws.l(fpclassify.o)
    0x080060d8   0x0000000e   Code   RO          521    i._is_digit         c_w.l(__printf_wp.o)
    0x080060e6   0x00000002   PAD
    0x080060e8   0x0000002c   Code   RO          650    locale$$code        c_w.l(lc_ctype_c.o)
    0x08006114   0x0000002c   Code   RO          653    locale$$code        c_w.l(lc_numeric_c.o)
    0x08006140   0x00000004   Code   RO          588    x$fpl$printf1       fz_ws.l(printf1.o)
    0x08006144   0x00000000   Code   RO          665    x$fpl$usenofp       fz_ws.l(usenofp.o)
    0x08006144   0x00000020   Data   RO            6    .constdata          main.o
    0x08006164   0x00000008   Data   RO          482    .constdata          c_w.l(_printf_wctomb.o)
    0x0800616c   0x00000028   Data   RO          509    .constdata          c_w.l(_printf_hex_int_ll_ptr.o)
    0x08006194   0x00000011   Data   RO          529    .constdata          c_w.l(__printf_flags_ss_wp.o)
    0x080061a5   0x00000003   PAD
    0x080061a8   0x00000094   Data   RO          625    .constdata          c_w.l(bigflt0.o)
    0x0800623c   0x00000020   Data   RO          797    Region$$Table       anon$$obj.o
    0x0800625c   0x00000110   Data   RO          649    locale$$data        c_w.l(lc_ctype_c.o)
    0x0800636c   0x0000001c   Data   RO          652    locale$$data        c_w.l(lc_numeric_c.o)


    Execution Region ER_RW (Base: 0x20000000, Size: 0x000000cc, Max: 0xffffffff, ABSOLUTE)

    Base Addr    Size         Type   Attr      Idx    E Section Name        Object

    0x20000000   0x00000030   Data   RW            7    .data               main.o
    0x20000030   0x00000044   Data   RW          207    .data               tasks.o
    0x20000074   0x00000014   Data   RW          242    .data               timers.o
    0x20000088   0x00000004   Data   RW          257    .data               port.o
    0x2000008c   0x00000018   Data   RW          287    .data               heap_2.o
    0x200000a4   0x00000014   Data   RW          356    .data               stm32f10x_rcc.o
    0x200000b8   0x00000014   Data   RW          437    .data               system_stm32f10x.o


    Execution Region ER_ZI (Base: 0x200000cc, Size: 0x000045b4, Max: 0xffffffff, ABSOLUTE)

    Base Addr    Size         Type   Attr      Idx    E Section Name        Object

    0x200000cc   0x00000264   Zero   RW            5    .bss                main.o
    0x20000330   0x000000c8   Zero   RW          206    .bss                tasks.o
    0x200003f8   0x00000028   Zero   RW          241    .bss                timers.o
    0x20000420   0x00003c00   Zero   RW          286    .bss                heap_2.o
    0x20004020   0x00000060   Zero   RW          669    .bss                c_w.l(libspace.o)
    0x20004080   0x00000200   Zero   RW          427    HEAP                startup_stm32f10x_md.o
    0x20004280   0x00000400   Zero   RW          426    STACK               startup_stm32f10x_md.o


==============================================================================

Image component sizes


      Code (inc. data)   RO Data    RW Data    ZI Data      Debug   Object Name

         0          0          0          0          0       9392   event_groups.o
       292         20          0         24      15360       3220   heap_2.o
       148          0          0          0          0       1866   list.o
      1600        294         32         48        612     274325   main.o
       220         22          0          0          0       1925   misc.o
       382         26          0          4          0       7112   port.o
      1900          8          0          0          0      12082   queue.o
        64         26        236          0       1536        852   startup_stm32f10x_md.o
       860         38          0          0          0       5861   stm32f10x_gpio.o
       932         36          0         20          0       9024   stm32f10x_rcc.o
      3610         88          0          0          0      22968   stm32f10x_tim.o
      1032         22          0          0          0       8580   stm32f10x_usart.o
       480         38          0         20          0       1983   system_stm32f10x.o
      5520        374          0         68        200      32313   tasks.o
      1100         56          0         20         40       7775   timers.o

    ----------------------------------------------------------------------
     18144       1048        300        204      17748     399278   Object Totals
         0          0         32          0          0          0   (incl. Generated)
         4          0          0          0          0          0   (incl. Padding)

    ----------------------------------------------------------------------

      Code (inc. data)   RO Data    RW Data    ZI Data      Debug   Library Member Name

        44          6          0          0          0         84   __2sprintf.o
         8          0          0          0          0         68   __main.o
       392          4         17          0          0         92   __printf_flags_ss_wp.o
        14          0          0          0          0         68   __printf_wp.o
         0          0          0          0          0          0   __rtentry.o
        12          0          0          0          0          0   __rtentry2.o
         6          0          0          0          0          0   __rtentry4.o
        52          8          0          0          0          0   __scatter.o
        26          0          0          0          0          0   __scatter_copy.o
        28          0          0          0          0          0   __scatter_zi.o
         6          0          0          0          0          0   _printf_a.o
         6          0          0          0          0          0   _printf_c.o
        44          0          0          0          0        108   _printf_char.o
        48          6          0          0          0         96   _printf_char_common.o
        40          0          0          0          0         68   _printf_charcount.o
         6          0          0          0          0          0   _printf_d.o
       120         16          0          0          0         92   _printf_dec.o
         6          0          0          0          0          0   _printf_e.o
         6          0          0          0          0          0   _printf_f.o
      1050          0          0          0          0        216   _printf_fp_dec.o
       128         16          0          0          0         84   _printf_fp_infnan.o
         6          0          0          0          0          0   _printf_g.o
       148          4         40          0          0        160   _printf_hex_int_ll_ptr.o
         6          0          0          0          0          0   _printf_i.o
       178          0          0          0          0         88   _printf_intcommon.o
        10          0          0          0          0          0   _printf_l.o
         6          0          0          0          0          0   _printf_lc.o
        10          0          0          0          0          0   _printf_ll.o
         6          0          0          0          0          0   _printf_lld.o
         6          0          0          0          0          0   _printf_lli.o
         6          0          0          0          0          0   _printf_llo.o
         6          0          0          0          0          0   _printf_llu.o
         6          0          0          0          0          0   _printf_llx.o
       124         16          0          0          0         92   _printf_longlong_dec.o
         6          0          0          0          0          0   _printf_ls.o
         6          0          0          0          0          0   _printf_n.o
         6          0          0          0          0          0   _printf_o.o
       112         10          0          0          0        124   _printf_oct_int_ll.o
         6          0          0          0          0          0   _printf_p.o
        78          0          0          0          0        108   _printf_pad.o
         0          0          0          0          0          0   _printf_percent.o
         4          0          0          0          0          0   _printf_percent_end.o
         6          0          0          0          0          0   _printf_s.o
        82          0          0          0          0         80   _printf_str.o
        36          0          0          0          0         84   _printf_truncate.o
         6          0          0          0          0          0   _printf_u.o
        44          0          0          0          0        108   _printf_wchar.o
       188          6          8          0          0         92   _printf_wctomb.o
         6          0          0          0          0          0   _printf_x.o
        10          0          0          0          0         68   _sputc.o
        64          0          0          0          0         92   _wcrtomb.o
        16          0          0          0          0         68   aeabi_memset.o
       220          4        148          0          0         96   bigflt0.o
      1910        128          0          0          0        672   btod.o
        36          4          0          0          0         76   c89vsprintf.o
        18          0          0          0          0         80   exit.o
         6          0          0          0          0        152   heapauxi.o
         0          0          0          0          0          0   indicate_semi.o
        44         10        272          0          0         76   lc_ctype_c.o
        44         10         28          0          0         76   lc_numeric_c.o
         2          0          0          0          0          0   libinit.o
        30          0          0          0          0          0   libinit2.o
         2          0          0          0          0          0   libshutdown.o
         2          0          0          0          0          0   libshutdown2.o
         8          4          0          0         96         68   libspace.o
       138          0          0          0          0         80   lludiv10.o
        16          4          0          0          0         76   rt_ctype_table.o
         8          4          0          0          0         68   rt_locale_intlibspace.o
        68          0          0          0          0         68   rt_memclr.o
        78          0          0          0          0         80   rt_memclr_w.o
       138          0          0          0          0         68   rt_memcpy_v6.o
       100          0          0          0          0         80   rt_memcpy_w.o
         2          0          0          0          0          0   rtexit.o
        10          0          0          0          0          0   rtexit2.o
       128          0          0          0          0         68   strcmpv7m.o
        72          0          0          0          0         80   strcpy.o
        62          0          0          0          0         76   strlen.o
        12          4          0          0          0         68   sys_exit.o
        74          0          0          0          0         80   sys_stackheap_outer.o
         2          0          0          0          0         68   use_no_semi.o
         4          0          0          0          0         68   printf1.o
         0          0          0          0          0          0   usenofp.o
        40          0          0          0          0         68   fpclassify.o

    ----------------------------------------------------------------------
      6520        264        516          0         96       4532   Library Totals
        10          0          3          0          0          0   (incl. Padding)

    ----------------------------------------------------------------------

      Code (inc. data)   RO Data    RW Data    ZI Data      Debug   Library Name

      6466        264        513          0         96       4396   c_w.l
         4          0          0          0          0         68   fz_ws.l
        40          0          0          0          0         68   m_ws.l

    ----------------------------------------------------------------------
      6520        264        516          0         96       4532   Library Totals

    ----------------------------------------------------------------------

==============================================================================


      Code (inc. data)   RO Data    RW Data    ZI Data      Debug   

     24664       1312        816        204      17844     399542   Grand Totals
     24664       1312        816        204      17844     399542   ELF Image Totals
     24664       1312        816        204          0          0   ROM Totals

==============================================================================

    Total RO  Size (Code + RO Data)                25480 (  24.88kB)
    Total RW  Size (RW Data + ZI Data)             18048 (  17.63kB)
    Total ROM Size (Code + RO Data + RW Data)      25684 (  25.08kB)

==============================================================================

